// Jest Snapshot v1, https://goo.gl/fbAQLP

exports[`FormInput should match the snapshot 1`] = `"<div class=\\"form-input__FieldContainer-sc-18od1hf-0 dOvUPP\\"><label for=\\"input\\"></label><input id=\\"input\\" type=\\"text\\" name=\\"input\\" rows=\\"2\\" value=\\"\\"></div>"`;
