// Jest Snapshot v1, https://goo.gl/fbAQLP

exports[`Row should match the snapshot 1`] = `"<div class=\\"row__RowContainer-g7667b-0 fhhpBZ\\"></div>"`;
