// Jest Snapshot v1, https://goo.gl/fbAQLP

exports[`SaveKey Renders should match the snapshot 1`] = `"<div class=\\"container__Shell-sc-1efg81n-0 gepMUD\\"><div height=\\"100%\\" class=\\"row__RowContainer-g7667b-0 hPpvDI\\"><div class=\\"save-key__Col-sc-1bv548z-0 save-key__OuterCol-sc-1bv548z-1 cbeJBp\\"><h1>Github Repo Issues</h1><form><fieldset><div class=\\"row__RowContainer-g7667b-0 fhhpBZ\\"><div class=\\"save-key__Col-sc-1bv548z-0 ckioLT\\"><div class=\\"form-input__FieldContainer-sc-18od1hf-0 dOvUPP\\"><label for=\\"save-key\\">Please submit your Github API Key to see issues for your repos</label><input id=\\"save-key\\" type=\\"text\\" name=\\"save-key\\" placeholder=\\"Github API Key\\" rows=\\"2\\" value=\\"\\"></div></div></div><div class=\\"row__RowContainer-g7667b-0 fhhpBZ\\"><div class=\\"save-key__Col-sc-1bv548z-0 ckioLT\\"><button color=\\"#d62027\\" class=\\"button__ColoredButton-sc-1gd83n3-0 bPICVJ btn\\" title=\\"Submit\\" type=\\"submit\\" aria-label=\\"Submit\\" disabled=\\"\\"><span class=\\"button__Content-sc-1gd83n3-1 kdVsyS\\"><span class=\\"button__Text-sc-1gd83n3-3 ZwnKy\\">Submit</span></span></button></div></div></fieldset></form></div></div></div>"`;
